Log file open, 01/23/26 12:05:51
LogTrace: Initializing trace...
LogTrace: Finished trace initialization.
LogInit: Session CrashGUID >====================================================
         Session CrashGUID >   UECC-Windows-1ECBD7FF49DEC0E11D8342AE0248D9FD
         Session CrashGUID >====================================================
LogConfig: No local boot hotfix file found at: [F:/OnlineFPS/OnlineFPS/Saved/PersistentDownloadDir/HotfixForNextBoot.txt]
LogPluginManager: Mounting Engine plugin PlatformCrypto
LogInit: ExecutableName: UnrealPak.exe
LogInit: Build: ++UE5+Release-5.6-CL-44394996
LogInit: Platform=WindowsEditor
LogInit: MachineId=54f033e64638b5a9c6c43e9c3da9e7a8
LogInit: DeviceId=
LogInit: Engine Version: 5.6.1-44394996+++UE5+Release-5.6
LogInit: Compatible Engine Version: 5.6.0-43139311+++UE5+Release-5.6
LogInit: Net CL: 43139311
LogInit: OS: Windows 11 (24H2) [10.0.26100.7623] (), CPU: Intel(R) Core(TM) i5-10400F CPU @ 2.90GHz, GPU: NVIDIA GeForce RTX 2060
LogInit: Compiled (64-bit): Jul 28 2025 21:09:38
LogInit: Architecture: x64
LogInit: Compiled with Visual C++: 19.38.33130.00
LogInit: Build Configuration: Development
LogInit: Branch Name: ++UE5+Release-5.6
LogInit: Command Line: -CreateGlobalContainer=F:\OnlineFPS\OnlineFPS\Saved\StagedBuilds\Windows\OnlineFPS\Content\Paks\global.utoc -ProjectStore=F:\OnlineFPS\OnlineFPS\Saved\Cooked\Windows\ue.projectstore -CookedDirectory=F:\OnlineFPS\OnlineFPS\Saved\Cooked\Windows -Commands="C:\Users\rapha\AppData\Roaming\Unreal Engine\AutomationTool\Logs\C+Unreal+UE_5.6\IoStoreCommands.txt" -patchpaddingalign=2048 -compressionformats=Oodle -compresslevel=4 -compressmethod=Kraken -cryptokeys=F:\OnlineFPS\OnlineFPS\Saved\Cooked\Windows\OnlineFPS\Metadata\Crypto.json -compressionMinBytesSaved=1024 -compressionMinPercentSaved=5 -WriteBackMetadataToAssetRegistry=Disabled -nopak
LogInit: Base Directory: C:/Unreal/UE_5.6/Engine/Binaries/Win64/
LogInit: Allocator: Mimalloc
LogInit: Installed Engine Build: 1
LogInit: This binary is optimized with LTO: no, PGO: no, instrumented for PGO data collection: no
LogDevObjectVersion: Number of dev versions registered: 35
LogDevObjectVersion:   Dev-Blueprints (B0D832E4-1F89-4F0D-ACCF-7EB736FD4AA2): 10
LogDevObjectVersion:   Dev-Build (E1C64328-A22C-4D53-A36C-8E866417BD8C): 0
LogDevObjectVersion:   Dev-Core (375EC13C-06E4-48FB-B500-84F0262A717E): 4
LogDevObjectVersion:   Dev-Editor (E4B068ED-F494-42E9-A231-DA0B2E46BB41): 40
LogDevObjectVersion:   Dev-Framework (CFFC743F-43B0-4480-9391-14DF171D2073): 37
LogDevObjectVersion:   Dev-Mobile (B02B49B5-BB20-44E9-A304-32B752E40360): 3
LogDevObjectVersion:   Dev-Networking (A4E4105C-59A1-49B5-A7C5-40C4547EDFEE): 0
LogDevObjectVersion:   Dev-Online (39C831C9-5AE6-47DC-9A44-9C173E1C8E7C): 0
LogDevObjectVersion:   Dev-Physics (78F01B33-EBEA-4F98-B9B4-84EACCB95AA2): 20
LogDevObjectVersion:   Dev-Platform (6631380F-2D4D-43E0-8009-CF276956A95A): 0
LogDevObjectVersion:   Dev-Rendering (12F88B9F-8875-4AFC-A67C-D90C383ABD29): 49
LogDevObjectVersion:   Dev-Sequencer (7B5AE74C-D270-4C10-A958-57980B212A5A): 13
LogDevObjectVersion:   Dev-VR (D7296918-1DD6-4BDD-9DE2-64A83CC13884): 3
LogDevObjectVersion:   Dev-LoadTimes (C2A15278-BFE7-4AFE-6C17-90FF531DF755): 1
LogDevObjectVersion:   Private-Geometry (6EACA3D4-40EC-4CC1-B786-8BED09428FC5): 3
LogDevObjectVersion:   Dev-AnimPhys (29E575DD-E0A3-4627-9D10-D276232CDCEA): 17
LogDevObjectVersion:   Dev-Anim (AF43A65D-7FD3-4947-9873-3E8ED9C1BB05): 15
LogDevObjectVersion:   Dev-ReflectionCapture (6B266CEC-1EC7-4B8F-A30B-E4D90942FC07): 1
LogDevObjectVersion:   Dev-Automation (0DF73D61-A23F-47EA-B727-89E90C41499A): 1
LogDevObjectVersion:   FortniteMain (601D1886-AC64-4F84-AA16-D3DE0DEAC7D6): 207
LogDevObjectVersion:   FortniteValkyrie (8DBC2C5B-54A7-43E0-A768-FCBB7DA29060): 8
LogDevObjectVersion:   FortniteSeason (5B4C06B7-2463-4AF8-805B-BF70CDF5D0DD): 13
LogDevObjectVersion:   FortniteRelease (E7086368-6B23-4C58-8439-1B7016265E91): 17
LogDevObjectVersion:   Dev-Enterprise (9DFFBCD6-494F-0158-E221-12823C92A888): 11
LogDevObjectVersion:   Dev-Niagara (F2AED0AC-9AFE-416F-8664-AA7FFA26D6FC): 1
LogDevObjectVersion:   Dev-Destruction (174F1F0B-B4C6-45A5-B13F-2EE8D0FB917D): 10
LogDevObjectVersion:   Dev-Physics-Ext (35F94A83-E258-406C-A318-09F59610247C): 41
LogDevObjectVersion:   Dev-PhysicsMaterial-Chaos (B68FC16E-8B1B-42E2-B453-215C058844FE): 1
LogDevObjectVersion:   Dev-CineCamera (B2E18506-4273-CFC2-A54E-F4BB758BBA07): 1
LogDevObjectVersion:   Dev-VirtualProduction (64F58936-FD1B-42BA-BA96-7289D5D0FA4E): 1
LogDevObjectVersion:   UE5-Main (697DD581-E64F-41AB-AA4A-51ECBEB7B628): 121
LogDevObjectVersion:   UE5-Release (D89B5E42-24BD-4D46-8412-ACA8DF641779): 56
LogDevObjectVersion:   UE5-SpecialProject (59DA5D52-1232-4948-B878-597870B8E98B): 9
LogDevObjectVersion:   Dev-MediaFramework (6F0ED827-A609-4895-9C91-998D90180EA4): 2
LogDevObjectVersion:   Dev-NaniteResearch (30D58BE3-95EA-4282-A6E3-B159D8EBB06A): 1
LogInit: Presizing for max 100000 objects, including 0 objects not considered by GC.
LogInit: Object subsystem initialized
LogConfig: Applying CVar settings from Section [Startup] File [../../../Engine/Config/ConsoleVariables.ini]
LogConfig: CVar [[r.DumpShaderDebugInfo:2]] deferred - dummy variable created
LogConfig: CVar [[p.chaos.AllowCreatePhysxBodies:1]] deferred - dummy variable created
LogConfig: CVar [[fx.SkipVectorVMBackendOptimizations:1]] deferred - dummy variable created
LogConfig: CVar [[ds.CADTranslator.Meshing.ActivateThinZoneMeshing:0]] deferred - dummy variable created
LogConfig: CVar [[ds.CADTranslator.Stitching.RemoveThinFaces:0]] deferred - dummy variable created
[2026.01.23-11.05.51:791][  0]LogConfig: Applying CVar settings from Section [Startup_Windows] File [../../../Engine/Config/ConsoleVariables.ini]
[2026.01.23-11.05.51:791][  0]LogConfig: Applying CVar settings from Section [ConsoleVariables] File [Engine]
[2026.01.23-11.05.51:791][  0]LogInit: Computer: DESKTOP-C75KMU4
[2026.01.23-11.05.51:791][  0]LogInit: User: rapha
[2026.01.23-11.05.51:791][  0]LogInit: CPU Page size=4096, Cores=6
[2026.01.23-11.05.51:791][  0]LogInit: High frequency timer resolution =10.000000 MHz
[2026.01.23-11.05.51:791][  0]LogMemory: Memory total: Physical=15.9GB (16GB approx) Virtual=39.7GB
[2026.01.23-11.05.51:791][  0]LogMemory: Platform Memory Stats for WindowsEditor
[2026.01.23-11.05.51:791][  0]LogMemory: Process Physical Memory: 65.37 MB used, 65.37 MB peak
[2026.01.23-11.05.51:791][  0]LogMemory: Process Virtual Memory: 119.83 MB used, 119.83 MB peak
[2026.01.23-11.05.51:791][  0]LogMemory: Physical Memory: 10465.19 MB used,  5835.39 MB free, 16300.58 MB total
[2026.01.23-11.05.51:791][  0]LogMemory: Virtual Memory: 32497.19 MB used,  8105.04 MB free, 40602.23 MB total
[2026.01.23-11.05.51:797][  0]LogAssetRegistry: FAssetRegistry took 0.0001 seconds to start up
[2026.01.23-11.05.51:798][  0]LogUObjectArray: 462 objects as part of root set at end of initial load.
[2026.01.23-11.05.51:798][  0]LogUObjectArray: CloseDisregardForGC: 0/0 objects in disregard for GC pool
[2026.01.23-11.05.51:798][  0]LogInit: Using OS detected language ().
[2026.01.23-11.05.51:798][  0]LogInit: Using OS detected locale ().
[2026.01.23-11.05.51:799][  0]LogTextLocalizationManager: No localization for '' exists, so 'en' will be used for the language.
[2026.01.23-11.05.51:799][  0]LogTextLocalizationManager: No localization for '' exists, so 'en' will be used for the locale.
[2026.01.23-11.05.51:799][  0]LogInit: Using OS detected language ().
[2026.01.23-11.05.51:799][  0]LogInit: Using OS detected locale ().
[2026.01.23-11.05.51:799][  0]LogTextLocalizationManager: No localization for '' exists, so 'en' will be used for the language.
[2026.01.23-11.05.51:799][  0]LogTextLocalizationManager: No localization for '' exists, so 'en' will be used for the locale.
[2026.01.23-11.05.51:799][  0]LogPakFile: Display: ProjectDir: F:/OnlineFPS/OnlineFPS/
[2026.01.23-11.05.51:799][  0]LogIoStore: Display: ==================== IoStore Utils ====================
[2026.01.23-11.05.51:800][  0]LogIoStore: Display: Parsing crypto keys from a crypto key cache file 'F:\OnlineFPS\OnlineFPS\Saved\Cooked\Windows\OnlineFPS\Metadata\Crypto.json'
[2026.01.23-11.05.51:800][  0]LogIoStore: Display: Container signing - DISABLED
[2026.01.23-11.05.51:800][  0]LogIoStore: Display: Directory index - ENABLED
[2026.01.23-11.05.51:800][  0]LogIoStore: Display: Using compression format 'Oodle'
[2026.01.23-11.05.51:800][  0]LogIoStore: Display: Using memory mapping alignment '16384'
[2026.01.23-11.05.51:800][  0]LogIoStore: Display: Using compression block size '65536'
[2026.01.23-11.05.51:800][  0]LogIoStore: Display: Using compression block alignment '2048'
[2026.01.23-11.05.51:800][  0]LogIoStore: Display: Using compression min bytes saved '1024'
[2026.01.23-11.05.51:800][  0]LogIoStore: Display: Using compression min percent saved '5'
[2026.01.23-11.05.51:800][  0]LogIoStore: Display: Using max partition size '0'
[2026.01.23-11.05.51:800][  0]LogIoStore: Display: Not using DDC for compression
[2026.01.23-11.05.51:800][  0]LogIoStore: Display: Using command list file: 'C:\Users\rapha\AppData\Roaming\Unreal Engine\AutomationTool\Logs\C+Unreal+UE_5.6\IoStoreCommands.txt'
[2026.01.23-11.05.51:803][  0]LogIoStore: Display: Selected Oodle level 4 (Normal) from command line for shaders
[2026.01.23-11.05.51:804][  0]LogZenServiceInstance: Found subprocess environment variable UE-ZenSubprocessDataPath=C:/Users/rapha/AppData/Local/UnrealEngine/Common/Zen/Data
[2026.01.23-11.05.51:806][  0]LogZenServiceInstance: InTree version at 'C:/Unreal/UE_5.6/Engine/Binaries/Win64/zenserver.exe' is '5.6.6-202504241958-windows-x64-release-f090a03'
[2026.01.23-11.05.51:806][  0]LogZenServiceInstance: Installed version at 'C:/Users/rapha/AppData/Local/UnrealEngine/Common/Zen/Install/zenserver.exe' is '5.6.6-202504241958-windows-x64-release-f090a03'
[2026.01.23-11.05.51:807][  0]LogZenServiceInstance: Found existing instance running on port 8558 matching our settings, no actions needed
[2026.01.23-11.05.52:313][  0]LogZenServiceInstance: Display: Unreal Zen Storage Server HTTP service at [::1]:8558 status: OK!.
[2026.01.23-11.05.52:313][  0]LogZenServiceInstance: Local ZenServer AutoLaunch initialization completed in 0.507 seconds
[2026.01.23-11.05.52:314][  0]LogZenStore: Display: Establishing oplog OnlineFPS.3535b1ea / Windows
[2026.01.23-11.05.52:318][  0]LogIoStore: Display: Fetched 751 oplog items from Zen in 0.51 seconds
[2026.01.23-11.05.52:324][  0]LogIoStore: Display: Parsed 751 oplog items 0.01 seconds, 3669 chunks
[2026.01.23-11.05.52:328][  0]LogIoStore: Display: Loaded 965 chunk hashes from Zen in 0.00 seconds, 965 hashes updated in 0.00 seconds
[2026.01.23-11.05.52:337][  0]LogIoStore: Display: Searching for cooked assets in folder 'F:\OnlineFPS\OnlineFPS\Saved\Cooked\Windows'
[2026.01.23-11.05.52:338][  0]LogIoStore: Display: Found '8' files
[2026.01.23-11.05.52:349][  0]LogIoStore: Display: Creating container targets...
[2026.01.23-11.05.52:351][  0]OodleDataCompression: Display: Oodle v2.9.13 format for pak/iostore with method=Kraken, level=4=Normal
[2026.01.23-11.05.52:386][  0]LogIoStore: Display: Processing shader libraries, compressing with Oodle Mermaid, level 4 (Normal)
[2026.01.23-11.05.52:395][  0]LogShaderLibrary: Display: Created IoStoreShaderArchive header: shaders grouped in 379 groups (139 of them didn't need new indices), average uncompressed size 150965 bytes, min 249 bytes, max 1048075 bytes (r.ShaderCodeLibrary.MaxShaderGroupSize=1048576)
[2026.01.23-11.05.52:525][  0]LogIoStore: Display: Global-PCD3D_SM5(PCD3D_SM5): Recompressed 4106 shaders as 379 groups. Library size changed from 12766 KB (4.38 : 1 ratio) to 5612 KB (9.96 : 1 ratio), 43.96% of previous.
[2026.01.23-11.05.52:587][  0]LogShaderLibrary: Display: Created IoStoreShaderArchive header: shaders grouped in 636 groups (187 of them didn't need new indices), average uncompressed size 298237 bytes, min 1249 bytes, max 1045520 bytes (r.ShaderCodeLibrary.MaxShaderGroupSize=1048576)
[2026.01.23-11.05.54:319][  0]LogIoStore: Display: Global-PCD3D_SM6(PCD3D_SM6): Recompressed 10691 shaders as 636 groups. Library size changed from 140593 KB (1.32 : 1 ratio) to 82364 KB (2.25 : 1 ratio), 58.58% of previous.
[2026.01.23-11.05.54:331][  0]LogShaderLibrary: Display: Created IoStoreShaderArchive header: shaders grouped in 202 groups (82 of them didn't need new indices), average uncompressed size 72048 bytes, min 474 bytes, max 963647 bytes (r.ShaderCodeLibrary.MaxShaderGroupSize=1048576)
[2026.01.23-11.05.54:367][  0]LogIoStore: Display: OnlineFPS-PCD3D_SM5(PCD3D_SM5): Recompressed 1382 shaders as 202 groups. Library size changed from 3972 KB (3.58 : 1 ratio) to 1683 KB (8.44 : 1 ratio), 42.38% of previous.
[2026.01.23-11.05.54:377][  0]LogShaderLibrary: Display: Created IoStoreShaderArchive header: shaders grouped in 229 groups (64 of them didn't need new indices), average uncompressed size 130239 bytes, min 2342 bytes, max 964087 bytes (r.ShaderCodeLibrary.MaxShaderGroupSize=1048576)
[2026.01.23-11.05.54:589][  0]LogIoStore: Display: OnlineFPS-PCD3D_SM6(PCD3D_SM6): Recompressed 2459 shaders as 229 groups. Library size changed from 22292 KB (1.31 : 1 ratio) to 14484 KB (2.01 : 1 ratio), 64.98% of previous.
[2026.01.23-11.05.54:592][  0]LogIoStore: Display: Shaders processed in 2.20 seconds
[2026.01.23-11.05.54:593][  0]LogIoStore: Display: Initialized WriteRequestManager with MaxConcurrentSourceReads=6 (12 cores), MaxSourceBufferMemory=3072MiB
[2026.01.23-11.05.54:594][  0]LogIoStore: Display: Processing redirects...
[2026.01.23-11.05.54:594][  0]LogIoStore: Display: Creating disk layout...
[2026.01.23-11.05.54:599][  0]LogIoStore: Display: Ordered 749 packages using fallback bundle order
[2026.01.23-11.05.54:610][  0]LogIoStore: Display: Serializing container(s)...
[2026.01.23-11.05.56:616][  0]LogIoStore: Display: Writing chunks 2413/2416... [963 compressed] [375 compression tasks] [Physical: 792 MiB, Virtual: 3484 MiB]
[2026.01.23-11.05.56:944][  0]LogIoStore: Display: Writing and compressing took 2.33 seconds, writes to disk took 0.46 seconds for 461,832,784 bytes @ 997,581,574 bytes per second.
[2026.01.23-11.05.56:944][  0]LogIoStore: Display: global: Found perfect hashmap for 1 items.
[2026.01.23-11.05.56:945][  0]LogIoStore: Display: OnlineFPS-Windows: Found perfect hashmap for 2415 items.
[2026.01.23-11.05.56:949][  0]LogIoStore: Display: Finalize took 0.0 seconds for 2 writers to write 327,662 bytes, 74,836,014 bytes per second
[2026.01.23-11.05.56:949][  0]LogIoStore: Display: Writing tocs... [Physical: 697 MiB, Virtual: 3371 MiB]
[2026.01.23-11.05.56:949][  0]LogIoStore: Display: 965 / 2,416 hashes were loaded from the hash database, by type:
[2026.01.23-11.05.56:949][  0]LogIoStore: Display:     ExportBundleData           749
[2026.01.23-11.05.56:949][  0]LogIoStore: Display:     BulkData                   212
[2026.01.23-11.05.56:949][  0]LogIoStore: Display:     OptionalBulkData           4
[2026.01.23-11.05.56:949][  0]LogIoStore: Display: 965 / 2,416 chunks attempted to compress, by type:
[2026.01.23-11.05.56:949][  0]LogIoStore: Display:     ExportBundleData           749 / 749
[2026.01.23-11.05.56:949][  0]LogIoStore: Display:     BulkData                   212 / 212
[2026.01.23-11.05.56:949][  0]LogIoStore: Display:     OptionalBulkData           4 / 4
[2026.01.23-11.05.56:949][  0]LogIoStore: Display:     ScriptObjects              0 / 1
[2026.01.23-11.05.56:949][  0]LogIoStore: Display:     ContainerHeader            0 / 1
[2026.01.23-11.05.56:950][  0]LogIoStore: Display:     ShaderCodeLibrary          0 / 4
[2026.01.23-11.05.56:950][  0]LogIoStore: Display:     ShaderCode                 0 / 1,445
[2026.01.23-11.05.56:950][  0]LogIoStore: Display: Source bytes read:
[2026.01.23-11.05.56:950][  0]LogIoStore: Display:     Zen:                        665,497,969
[2026.01.23-11.05.56:950][  0]LogIoStore: Display:         ExportBundleData        179,304,266 bytes over 749 reads
[2026.01.23-11.05.56:950][  0]LogIoStore: Display:         BulkData                284,867,111 bytes over 212 reads
[2026.01.23-11.05.56:950][  0]LogIoStore: Display:         OptionalBulkData        201,326,592 bytes over 4 reads
[2026.01.23-11.05.56:950][  0]LogIoStore: Display:     Loose File:                           0
[2026.01.23-11.05.56:950][  0]LogIoStore: Display:     Memory:                     214,781,152
[2026.01.23-11.05.56:950][  0]LogIoStore: Display:         ShaderCodeLibrary         1,492,240 bytes over 8 reads
[2026.01.23-11.05.56:950][  0]LogIoStore: Display:         ShaderCode              213,288,912 bytes over 2,890 reads
[2026.01.23-11.05.56:950][  0]LogIoStore: Display: Calculating stats...
[2026.01.23-11.05.56:950][  0]LogIoStore: Display: 
[2026.01.23-11.05.56:950][  0]LogIoStore: Display: Container Summary
[2026.01.23-11.05.56:950][  0]LogIoStore: Display: ==================
[2026.01.23-11.05.56:950][  0]LogIoStore: Display: 
[2026.01.23-11.05.56:950][  0]LogIoStore: Display: Container                                               Flags      Chunk(s) #       TOC (KiB)       Raw Size (MiB)           Size (MiB)
[2026.01.23-11.05.56:950][  0]LogIoStore: Display: ----------------------------------------------------------------------------------------------------------------------------------------------
[2026.01.23-11.05.56:950][  0]LogIoStore: Display: global                                              -/-/-/-/-               1            0.66                 2.46                 2.46 -
[2026.01.23-11.05.56:950][  0]LogIoStore: Display: OnlineFPS-Windows                                   C/-/-/I/-            2415          319.32               738.86               437.98 (40.72% Oodle)
[2026.01.23-11.05.56:950][  0]LogIoStore: Display: ----------------------------------------------------------------------------------------------------------------------------------------------
[2026.01.23-11.05.56:950][  0]LogIoStore: Display: Total                                                                    2416          319.98               741.31               440.44
[2026.01.23-11.05.56:950][  0]LogIoStore: Display: 
[2026.01.23-11.05.56:950][  0]LogIoStore: Display: ** Flags: (C)ompressed / (E)ncrypted / (S)igned) / (I)ndexed) / (O)nDemand **
[2026.01.23-11.05.56:950][  0]LogIoStore: Display: 
[2026.01.23-11.05.56:950][  0]LogIoStore: Display: Compression block padding:     1.74 MiB
[2026.01.23-11.05.56:950][  0]LogIoStore: Display: 
[2026.01.23-11.05.56:950][  0]LogIoStore: Display: Container Directory Index
[2026.01.23-11.05.56:950][  0]LogIoStore: Display: ==========================
[2026.01.23-11.05.56:950][  0]LogIoStore: Display: 
[2026.01.23-11.05.56:950][  0]LogIoStore: Display: Container                                          Size (KiB)
[2026.01.23-11.05.56:950][  0]LogIoStore: Display: ----------------------------------------------------------------------------------------------------------------------------------------------
[2026.01.23-11.05.56:950][  0]LogIoStore: Display: global                                                   0.00
[2026.01.23-11.05.56:950][  0]LogIoStore: Display: OnlineFPS-Windows                                       45.78
[2026.01.23-11.05.56:950][  0]LogIoStore: Display: 
[2026.01.23-11.05.56:950][  0]LogIoStore: Display: Container Patch Report
[2026.01.23-11.05.56:950][  0]LogIoStore: Display: ========================
[2026.01.23-11.05.56:950][  0]LogIoStore: Display: 
[2026.01.23-11.05.56:950][  0]LogIoStore: Display: Container                                             Total #       Modified #          Added #   Modified (MiB)      Added (MiB)
[2026.01.23-11.05.56:950][  0]LogIoStore: Display: ----------------------------------------------------------------------------------------------------------------------------------------------
[2026.01.23-11.05.56:950][  0]LogIoStore: Display: global                                                      1                0                0             0.00             0.00
[2026.01.23-11.05.56:950][  0]LogIoStore: Display: OnlineFPS-Windows                                        2415                0             2415             0.00           436.24
[2026.01.23-11.05.56:950][  0]LogIoStore: Display: 
[2026.01.23-11.05.56:950][  0]LogIoStore: Display: PackageStore
[2026.01.23-11.05.56:950][  0]LogIoStore: Display: =============
[2026.01.23-11.05.56:950][  0]LogIoStore: Display: 
[2026.01.23-11.05.56:950][  0]LogIoStore: Display: Container                                          Size (KiB)      Packages #     Localized #
[2026.01.23-11.05.56:950][  0]LogIoStore: Display: ----------------------------------------------------------------------------------------------------------------------------------------------
[2026.01.23-11.05.56:950][  0]LogIoStore: Display: OnlineFPS-Windows                                          25             749               0
[2026.01.23-11.05.56:950][  0]LogIoStore: Display: ----------------------------------------------------------------------------------------------------------------------------------------------
[2026.01.23-11.05.56:950][  0]LogIoStore: Display: Total                                                      25             749               0
[2026.01.23-11.05.56:950][  0]LogIoStore: Display: 
[2026.01.23-11.05.56:950][  0]LogIoStore: Display: 
[2026.01.23-11.05.56:950][  0]LogIoStore: Display: Input:       749 Packages
[2026.01.23-11.05.56:950][  0]LogIoStore: Display: Input:      0.00 GB UExp
[2026.01.23-11.05.56:951][  0]LogIoStore: Display: Input:      0.17 GB UAsset
[2026.01.23-11.05.56:951][  0]LogIoStore: Display: Input:      0.45 GB UBulk
[2026.01.23-11.05.56:951][  0]LogIoStore: Display: Input:     85.91 MB for 1015 Global shaders
[2026.01.23-11.05.56:951][  0]LogIoStore: Display: Input:      1.83 MB for 195 Shared shaders
[2026.01.23-11.05.56:951][  0]LogIoStore: Display: Input:      0.00 MB for 0 Unique shaders
[2026.01.23-11.05.56:951][  0]LogIoStore: Display: Input:     13.96 MB for 235 Inline shaders
[2026.01.23-11.05.56:951][  0]LogIoStore: Display: 
[2026.01.23-11.05.56:951][  0]LogIoStore: Display: Output:     1028 Imported package entries
[2026.01.23-11.05.56:951][  0]LogIoStore: Display: Output:      414 Packages without imports
[2026.01.23-11.05.56:951][  0]LogIoStore: Display: Output:        0 Public runtime script objects
[2026.01.23-11.05.56:951][  0]LogIoStore: Display: Output:     2.46 MB InitialLoadData
[2026.01.23-11.05.56:951][  0]LogIoStore: Display: 
[2026.01.23-11.05.56:956][  0]LogPakFile: Display: UnrealPak executed in 5.156894 seconds
[2026.01.23-11.05.56:966][  0]LogCore: Engine exit requested (reason: UnrealPak Exiting)
[2026.01.23-11.05.56:966][  0]LogExit: Preparing to exit.
[2026.01.23-11.05.56:968][  0]LogExit: Object subsystem successfully closed.
[2026.01.23-11.05.56:968][  0]LogPakFile: Destroying PakPlatformFile
[2026.01.23-11.05.56:969][  0]LogExit: Exiting.
[2026.01.23-11.05.56:978][  0]Log file closed, 01/23/26 12:05:56
